<?xml version="1.0" encoding="UTF-8"?>
<TestRun id="3797c728-4ba0-4560-a0c6-5c94f576e5d9" name="Administrator@PANKESH-VAIDVAN 2011-11-11 15:23:06" runUser="PANKESH-VAIDVAN\Administrator" xmlns="http://microsoft.com/schemas/VisualStudio/TeamTest/2010">
  <TestSettings name="Local" id="df831ba2-ca22-4d4d-8914-83235d3ba228">
    <Description>These are default test settings for a local test run.</Description>
    <Deployment enabled="false" runDeploymentRoot="Administrator_PANKESH-VAIDVAN 2011-11-11 15_23_06">
      <DeploymentItem filename="E:\workarea\KOD_RoyalCard\WebApp\RoyalWebApp\RoyalWebApp\bin\RoyalWebApp.dll" />
      <DeploymentItem filename="E:\workarea\KOD_RoyalCard\ClassLib\RoyalClassDBLib\RoyalClassDBLib\bin\Debug\RoyalClassDBLib.dll" />
    </Deployment>
    <Execution>
      <TestTypeSpecific />
      <AgentRule name="Execution Agents">
      </AgentRule>
    </Execution>
  </TestSettings>
  <Times creation="2011-11-11T15:23:06.2901711+05:30" queuing="2011-11-11T15:23:06.5031832+05:30" start="2011-11-11T15:23:06.5941885+05:30" finish="2011-11-11T15:23:09.6043606+05:30" />
  <ResultSummary outcome="Failed">
    <Counters total="1" executed="1" error="0" failed="1" timeout="0" aborted="0" inconclusive="0" passedButRunAborted="0" notRunnable="0" notExecuted="0" disconnected="0" warning="0" passed="0" completed="0" inProgress="0" pending="0" />
    <RunInfos>
      <RunInfo computerName="PANKESH-VAIDVAN" outcome="Warning" timestamp="2011-11-11T15:23:06.3311734+05:30">
        <Text>Deployment is currently disabled. The deployment item 'RoyalWebApp.dll' on test 'TestRoyalApp.LoginTest.BtnSubmit_ClickTest' was not deployed.</Text>
      </RunInfo>
    </RunInfos>
  </ResultSummary>
  <TestDefinitions>
    <UnitTest name="BtnSubmit_ClickTest" storage="e:\workarea\kod_royalcard\webapp\royalwebapp\testroyalapp\bin\debug\testroyalapp.dll" id="4afaf692-f755-1004-9b0c-2b1bd79f959b">
      <DeploymentItems>
        <DeploymentItem filename="RoyalWebApp.dll" />
      </DeploymentItems>
      <Execution id="cf41cb3c-bc75-4f1c-a582-36ba47182417" />
      <TestMethod codeBase="E:/workarea/KOD_RoyalCard/WebApp/RoyalWebApp/TestRoyalApp/bin/Debug/TestRoyalApp.DLL" adapterTypeName="Microsoft.VisualStudio.TestTools.TestTypes.Unit.UnitTestAdapter, Microsoft.VisualStudio.QualityTools.Tips.UnitTest.Adapter, Version=10.0.0.0, Culture=neutral, PublicKeyToken=b03f5f7f11d50a3a" className="TestRoyalApp.LoginTest, TestRoyalApp, Version=1.0.0.0, Culture=neutral, PublicKeyToken=null" name="BtnSubmit_ClickTest" />
      <AspNet webSiteUrl="http://localhost:2483/">
        <Host pathToWebApp="E:\workarea\KOD_RoyalCard\WebApp\RoyalWebApp\RoyalWebApp" webAppRoot="/" />
      </AspNet>
    </UnitTest>
  </TestDefinitions>
  <TestLists>
    <TestList name="Results Not in a List" id="8c84fa94-04c1-424b-9868-57a2d4851a1d" />
    <TestList name="All Loaded Results" id="19431567-8539-422a-85d7-44ee4e166bda" />
  </TestLists>
  <TestEntries>
    <TestEntry testId="4afaf692-f755-1004-9b0c-2b1bd79f959b" executionId="cf41cb3c-bc75-4f1c-a582-36ba47182417" testListId="8c84fa94-04c1-424b-9868-57a2d4851a1d" />
  </TestEntries>
  <Results>
    <UnitTestResult executionId="cf41cb3c-bc75-4f1c-a582-36ba47182417" testId="4afaf692-f755-1004-9b0c-2b1bd79f959b" testName="BtnSubmit_ClickTest" computerName="PANKESH-VAIDVAN" duration="00:00:00.0904916" startTime="2011-11-11T15:23:06.7451971+05:30" endTime="2011-11-11T15:23:09.5313564+05:30" testType="13cdc9d9-ddb5-4fa4-a97d-d965ccfc6d4b" outcome="Failed" testListId="8c84fa94-04c1-424b-9868-57a2d4851a1d" relativeResultsDirectory="cf41cb3c-bc75-4f1c-a582-36ba47182417">
      <Output>
        <ErrorInfo>
          <Message>Test method TestRoyalApp.LoginTest.BtnSubmit_ClickTest threw exception: 
System.NullReferenceException: Object reference not set to an instance of an object.</Message>
          <StackTrace>   at RoyalWebApp.Account.Login_Accessor.BtnSubmit_Click(Object sender, EventArgs e)
   at TestRoyalApp.LoginTest.BtnSubmit_ClickTest() in E:\workarea\KOD_RoyalCard\WebApp\RoyalWebApp\TestRoyalApp\LoginTest.cs:line 84
</StackTrace>
        </ErrorInfo>
      </Output>
    </UnitTestResult>
  </Results>
</TestRun>